// Jest Snapshot v1, https://goo.gl/fbAQLP

exports[`Component should be render  should render correctly in "debug" mode 1`] = `
<button
  className="butn "
/>
`;
