// Jest Snapshot v1, https://goo.gl/fbAQLP

exports[`Component should be render  should render correctly in "debug" mode 1`] = `
<WithStyles(ForwardRef(Table))
  aria-label="simple table"
>
  <WithStyles(ForwardRef(TableHead))
    className="headbgcolor"
  >
    <WithStyles(ForwardRef(TableRow)) />
  </WithStyles(ForwardRef(TableHead))>
  <WithStyles(ForwardRef(TableBody)) />
</WithStyles(ForwardRef(Table))>
`;
