// Jest Snapshot v1, https://goo.gl/fbAQLP

exports[`Component should be render  should render correctly in "debug" mode 1`] = `
<div
  className="not-found"
>
  <h1
    className="display-1"
  >
    Page Not Found
  </h1>
</div>
`;
